// Jest Snapshot v1, https://goo.gl/fbAQLP

exports[`Rendering test renders correctly 1`] = `
<DocumentFragment>
  <a
    class="MuiButtonBase-root MuiListItemButton-root MuiListItemButton-gutters MuiListItemButton-root MuiListItemButton-gutters css-4bx69l-MuiButtonBase-root-MuiListItemButton-root"
    href="/table-list/a/s/d/1/2/3/foo-group/"
    id="mainContent"
    tabindex="0"
  >
    <div
      class="MuiListItemText-root css-cfq8qh-MuiListItemText-root"
    >
      <p
        class="MuiTypography-root MuiTypography-body1 css-5arffz-MuiTypography-root"
      >
        foo1-fi
      </p>
    </div>
  </a>
  <hr
    class="MuiDivider-root MuiDivider-fullWidth css-1jpc804-MuiDivider-root"
  />
</DocumentFragment>
`;
