// Jest Snapshot v1, https://goo.gl/fbAQLP

exports[`Rendering test renders correctly 1`] = `
<DocumentFragment>
  <a
    class="MuiButtonBase-root MuiListItemButton-root MuiListItemButton-gutters MuiListItemButton-root MuiListItemButton-gutters css-4bx69l-MuiButtonBase-root-MuiListItemButton-root"
    data-discover="true"
    href="/editor/asd123/id/"
    id="mainContent"
    tabindex="0"
  >
    <div
      class="MuiListItemText-root css-cfq8qh-MuiListItemText-root"
    >
      <span
        class="MuiTypography-root MuiTypography-body1 MuiListItemText-primary css-rizt0-MuiTypography-root"
      >
        <p
          class="MuiTypography-root MuiTypography-body1 css-5arffz-MuiTypography-root"
        >
          text-fi
        </p>
        <p
          class="MuiTypography-root MuiTypography-body2 css-9f49mr-MuiTypography-root"
        >
          tableSelect.updated: 13.10.2021 klo 14.53.06
        </p>
      </span>
    </div>
  </a>
  <hr
    class="MuiDivider-root MuiDivider-fullWidth css-1jpc804-MuiDivider-root"
  />
</DocumentFragment>
`;
