// Jest Snapshot v1, https://goo.gl/fbAQLP

exports[`rendering test renders sorting selector correctly 1`] = `
<DocumentFragment>
  <div
    class="MuiFormControl-root css-1iw3t7y-MuiFormControl-root"
  >
    <label
      class="MuiFormLabel-root MuiInputLabel-root MuiInputLabel-formControl MuiInputLabel-animated MuiInputLabel-shrink MuiInputLabel-outlined MuiFormLabel-colorPrimary MuiFormLabel-filled MuiInputLabel-root MuiInputLabel-formControl MuiInputLabel-animated MuiInputLabel-shrink MuiInputLabel-outlined css-113d811-MuiFormLabel-root-MuiInputLabel-root"
      data-shrink="true"
      id="sorting-selector-label"
    >
      chartSettings.sort
    </label>
    <div
      class="MuiInputBase-root MuiOutlinedInput-root MuiInputBase-colorPrimary MuiInputBase-formControl MuiSelect-root css-j5ihgt-MuiInputBase-root-MuiOutlinedInput-root-MuiSelect-root"
    >
      <div
        aria-expanded="false"
        aria-haspopup="listbox"
        aria-labelledby="sorting-selector-label sorting-selector"
        class="MuiSelect-select MuiSelect-outlined MuiInputBase-input MuiOutlinedInput-input css-w76bbz-MuiSelect-select-MuiInputBase-input-MuiOutlinedInput-input"
        id="sorting-selector"
        role="combobox"
        tabindex="0"
      >
        foo.fi
      </div>
      <input
        aria-hidden="true"
        aria-invalid="false"
        class="MuiSelect-nativeInput css-j0riat-MuiSelect-nativeInput"
        tabindex="-1"
        value="foo"
      />
      <svg
        aria-hidden="true"
        class="MuiSvgIcon-root MuiSvgIcon-fontSizeMedium MuiSelect-icon MuiSelect-iconOutlined css-lohd6h-MuiSvgIcon-root-MuiSelect-icon"
        data-testid="ArrowDropDownIcon"
        focusable="false"
        viewBox="0 0 24 24"
      >
        <path
          d="M7 10l5 5 5-5z"
        />
      </svg>
      <fieldset
        aria-hidden="true"
        class="MuiOutlinedInput-notchedOutline css-1ll44ll-MuiOutlinedInput-notchedOutline"
      >
        <legend
          class="css-w1u3ce"
        >
          <span>
            chartSettings.sort
          </span>
        </legend>
      </fieldset>
    </div>
  </div>
</DocumentFragment>
`;
