// Jest Snapshot v1, https://goo.gl/fbAQLP

exports[`Rendering test renders correctly 1`] = `
<DocumentFragment>
  <div
    class="MuiFormControl-root MuiFormControl-fullWidth css-ytlejw-MuiFormControl-root"
  >
    <label
      class="MuiFormControlLabel-root MuiFormControlLabel-labelPlacementEnd css-19opgx6-MuiFormControlLabel-root"
    >
      <span
        class="MuiSwitch-root MuiSwitch-sizeMedium css-rehya9-MuiSwitch-root"
      >
        <span
          class="MuiButtonBase-root MuiSwitch-switchBase MuiSwitch-colorPrimary Mui-checked PrivateSwitchBase-root MuiSwitch-switchBase MuiSwitch-colorPrimary Mui-checked Mui-checked css-161ms7l-MuiButtonBase-root-MuiSwitch-switchBase"
        >
          <input
            checked=""
            class="PrivateSwitchBase-input MuiSwitch-input css-j8yymo"
            type="checkbox"
          />
          <span
            class="MuiSwitch-thumb css-17jyosd-MuiSwitch-thumb"
          />
        </span>
        <span
          class="MuiSwitch-track css-tj8d99-MuiSwitch-track"
        />
      </span>
      <span
        class="MuiTypography-root MuiTypography-body1 MuiFormControlLabel-label css-rizt0-MuiTypography-root"
      >
        <p
          class="MuiTypography-root MuiTypography-body1 sc-fYsHOw ditWhj css-rizt0-MuiTypography-root"
        >
          label
        </p>
      </span>
    </label>
  </div>
</DocumentFragment>
`;
