// Jest Snapshot v1, https://goo.gl/fbAQLP

exports[`Rendering test renders correctly 1`] = `
<DocumentFragment>
  <div
    class="MuiStack-root sc-jJAtPt bTLmYV css-1sazv7p-MuiStack-root"
  >
    <div
      class="MuiStack-root sc-cXawGu iAjbKI css-m69qwo-MuiStack-root"
    >
      <span
        aria-label="variableSelect.openMenu"
        class="MuiButtonBase-root MuiIconButton-root MuiIconButton-sizeMedium css-53g0n7-MuiButtonBase-root-MuiIconButton-root"
        role="button"
        style="padding-left: 0px; margin-right: 12px;"
        tabindex="0"
      >
        <svg
          aria-hidden="true"
          class="MuiSvgIcon-root MuiSvgIcon-fontSizeMedium css-1umw9bq-MuiSvgIcon-root"
          data-testid="MenuIcon"
          focusable="false"
          viewBox="0 0 24 24"
        >
          <path
            d="M3 18h18v-2H3zm0-5h18v-2H3zm0-7v2h18V6z"
          />
        </svg>
      </span>
      <div
        class="MuiFormControl-root MuiFormControl-fullWidth MuiTextField-root sc-icnseD bEmCvr css-cmpglg-MuiFormControl-root-MuiTextField-root"
      >
        <label
          class="MuiFormLabel-root MuiInputLabel-root MuiInputLabel-formControl MuiInputLabel-animated MuiInputLabel-shrink MuiInputLabel-outlined MuiFormLabel-colorPrimary MuiFormLabel-filled MuiInputLabel-root MuiInputLabel-formControl MuiInputLabel-animated MuiInputLabel-shrink MuiInputLabel-outlined css-113d811-MuiFormLabel-root-MuiInputLabel-root"
          data-shrink="true"
          for=":r1:"
          id=":r1:-label"
        >
          variableSelect.topFilter
        </label>
        <div
          class="MuiInputBase-root MuiOutlinedInput-root MuiInputBase-colorPrimary MuiInputBase-fullWidth MuiInputBase-formControl css-1blp12k-MuiInputBase-root-MuiOutlinedInput-root"
        >
          <input
            aria-invalid="false"
            class="MuiInputBase-input MuiOutlinedInput-input css-16wblaj-MuiInputBase-input-MuiOutlinedInput-input"
            id=":r1:"
            inputmode="numeric"
            pattern="[0-9]*"
            type="text"
            value="4"
          />
          <fieldset
            aria-hidden="true"
            class="MuiOutlinedInput-notchedOutline css-1ll44ll-MuiOutlinedInput-notchedOutline"
          >
            <legend
              class="css-w1u3ce"
            >
              <span>
                variableSelect.topFilter
              </span>
            </legend>
          </fieldset>
        </div>
      </div>
    </div>
    <div
      class="MuiStack-root sc-dIMoHT gaCGej css-nen11g-MuiStack-root"
    >
      <p
        class="MuiTypography-root MuiTypography-body1 css-rizt0-MuiTypography-root"
      >
        general.results:
      </p>
      <ul
        class="MuiList-root MuiList-padding MuiList-dense sc-Qotzb kfVHXg css-st2ob2-MuiList-root"
      >
        <li
          class="MuiListItem-root MuiListItem-dense MuiListItem-gutters MuiListItem-padding sc-fYsHOw clBvbN css-qyw6ft-MuiListItem-root"
        >
          <div
            class="MuiListItemText-root MuiListItemText-dense css-cfq8qh-MuiListItemText-root"
          >
            <span
              class="MuiTypography-root MuiTypography-body2 MuiListItemText-primary css-7ctihp-MuiTypography-root"
            >
              2018
            </span>
          </div>
        </li>
        <li
          class="MuiListItem-root MuiListItem-dense MuiListItem-gutters MuiListItem-padding sc-fYsHOw clBvbN css-qyw6ft-MuiListItem-root"
        >
          <div
            class="MuiListItemText-root MuiListItemText-dense css-cfq8qh-MuiListItemText-root"
          >
            <span
              class="MuiTypography-root MuiTypography-body2 MuiListItemText-primary css-7ctihp-MuiTypography-root"
            >
              2019
            </span>
          </div>
        </li>
        <li
          class="MuiListItem-root MuiListItem-dense MuiListItem-gutters MuiListItem-padding sc-fYsHOw clBvbN css-qyw6ft-MuiListItem-root"
        >
          <div
            class="MuiListItemText-root MuiListItemText-dense css-cfq8qh-MuiListItemText-root"
          >
            <span
              class="MuiTypography-root MuiTypography-body2 MuiListItemText-primary css-7ctihp-MuiTypography-root"
            >
              2020
            </span>
          </div>
        </li>
        <li
          class="MuiListItem-root MuiListItem-dense MuiListItem-gutters MuiListItem-padding sc-fYsHOw clBvbN css-qyw6ft-MuiListItem-root"
        >
          <div
            class="MuiListItemText-root MuiListItemText-dense css-cfq8qh-MuiListItemText-root"
          >
            <span
              class="MuiTypography-root MuiTypography-body2 MuiListItemText-primary css-7ctihp-MuiTypography-root"
            >
              2021*
            </span>
          </div>
        </li>
      </ul>
    </div>
    <div
      class="MuiFormControl-root MuiFormControl-fullWidth css-ytlejw-MuiFormControl-root"
    >
      <label
        class="MuiFormControlLabel-root MuiFormControlLabel-labelPlacementEnd css-19opgx6-MuiFormControlLabel-root"
      >
        <span
          class="MuiSwitch-root MuiSwitch-sizeMedium css-rehya9-MuiSwitch-root"
        >
          <span
            class="MuiButtonBase-root MuiSwitch-switchBase MuiSwitch-colorPrimary PrivateSwitchBase-root MuiSwitch-switchBase MuiSwitch-colorPrimary css-161ms7l-MuiButtonBase-root-MuiSwitch-switchBase"
          >
            <input
              class="PrivateSwitchBase-input MuiSwitch-input css-j8yymo"
              type="checkbox"
            />
            <span
              class="MuiSwitch-thumb css-17jyosd-MuiSwitch-thumb"
            />
          </span>
          <span
            class="MuiSwitch-track css-tj8d99-MuiSwitch-track"
          />
        </span>
        <span
          class="MuiTypography-root MuiTypography-body1 MuiFormControlLabel-label css-rizt0-MuiTypography-root"
        >
          variableSelect.selectable
        </span>
      </label>
    </div>
  </div>
</DocumentFragment>
`;
