// Jest Snapshot v1, https://goo.gl/fbAQLP

exports[`Rendering test renders correctly 1`] = `
<DocumentFragment>
  <div
    class="MuiFormControl-root MuiFormControl-fullWidth css-q8hpuo-MuiFormControl-root"
  >
    <label
      class="MuiFormControlLabel-root MuiFormControlLabel-labelPlacementEnd css-j204z7-MuiFormControlLabel-root"
    >
      <span
        class="MuiSwitch-root MuiSwitch-sizeMedium css-julti5-MuiSwitch-root"
      >
        <span
          class="MuiButtonBase-root MuiSwitch-switchBase MuiSwitch-colorPrimary Mui-checked PrivateSwitchBase-root MuiSwitch-switchBase MuiSwitch-colorPrimary Mui-checked Mui-checked css-byenzh-MuiButtonBase-root-MuiSwitch-switchBase"
        >
          <input
            checked=""
            class="PrivateSwitchBase-input MuiSwitch-input css-1m9pwf3"
            type="checkbox"
          />
          <span
            class="MuiSwitch-thumb css-jsexje-MuiSwitch-thumb"
          />
          <span
            class="MuiTouchRipple-root css-8je8zh-MuiTouchRipple-root"
          />
        </span>
        <span
          class="MuiSwitch-track css-1yjjitx-MuiSwitch-track"
        />
      </span>
      <span
        class="MuiTypography-root MuiTypography-body1 MuiFormControlLabel-label css-ahj2mt-MuiTypography-root"
      >
        variableSelect.selectable
      </span>
    </label>
  </div>
</DocumentFragment>
`;
