// Jest Snapshot v1, https://goo.gl/fbAQLP

exports[`Rendering test renders correctly 1`] = `
<DocumentFragment>
  <div
    class="MuiPaper-root MuiPaper-outlined MuiPaper-rounded css-i9zgug-MuiPaper-root"
  >
    <div
      class="MuiStack-root sc-fYsHOw kmnEEI css-1sazv7p-MuiStack-root"
    >
      <div
        class="MuiFormControl-root css-1iw3t7y-MuiFormControl-root"
      >
        <label
          class="MuiFormLabel-root MuiInputLabel-root MuiInputLabel-formControl MuiInputLabel-animated MuiInputLabel-shrink MuiInputLabel-outlined MuiFormLabel-colorPrimary MuiFormLabel-filled MuiInputLabel-root MuiInputLabel-formControl MuiInputLabel-animated MuiInputLabel-shrink MuiInputLabel-outlined css-113d811-MuiFormLabel-root-MuiInputLabel-root"
          data-shrink="true"
          for=":r0:"
        >
          editMetadata.valueName: asd
        </label>
        <div
          class="MuiInputBase-root MuiOutlinedInput-root MuiInputBase-colorPrimary MuiInputBase-formControl sc-Qotzb kszEQ css-quhxjy-MuiInputBase-root-MuiOutlinedInput-root"
        >
          <input
            aria-invalid="false"
            class="MuiInputBase-input MuiOutlinedInput-input css-16wblaj-MuiInputBase-input-MuiOutlinedInput-input"
            id=":r0:"
            type="text"
            value="asd"
          />
          <fieldset
            aria-hidden="true"
            class="MuiOutlinedInput-notchedOutline css-1ll44ll-MuiOutlinedInput-notchedOutline"
          >
            <legend
              class="css-w1u3ce"
            >
              <span>
                editMetadata.valueName: asd
              </span>
            </legend>
          </fieldset>
        </div>
        <div
          aria-live="polite"
        />
      </div>
      <div
        class="MuiFormControl-root css-1iw3t7y-MuiFormControl-root"
      >
        <label
          class="MuiFormLabel-root MuiInputLabel-root MuiInputLabel-formControl MuiInputLabel-animated MuiInputLabel-shrink MuiInputLabel-outlined MuiFormLabel-colorPrimary MuiFormLabel-filled MuiInputLabel-root MuiInputLabel-formControl MuiInputLabel-animated MuiInputLabel-shrink MuiInputLabel-outlined css-113d811-MuiFormLabel-root-MuiInputLabel-root"
          data-shrink="true"
          for=":r1:"
        >
          editMetadata.unit
        </label>
        <div
          class="MuiInputBase-root MuiOutlinedInput-root MuiInputBase-colorPrimary MuiInputBase-formControl sc-Qotzb kszEQ css-quhxjy-MuiInputBase-root-MuiOutlinedInput-root"
        >
          <input
            aria-invalid="false"
            class="MuiInputBase-input MuiOutlinedInput-input css-16wblaj-MuiInputBase-input-MuiOutlinedInput-input"
            id=":r1:"
            type="text"
            value="qwe"
          />
          <fieldset
            aria-hidden="true"
            class="MuiOutlinedInput-notchedOutline css-1ll44ll-MuiOutlinedInput-notchedOutline"
          >
            <legend
              class="css-w1u3ce"
            >
              <span>
                editMetadata.unit
              </span>
            </legend>
          </fieldset>
        </div>
        <div
          aria-live="polite"
        />
      </div>
      <div
        class="MuiFormControl-root css-1iw3t7y-MuiFormControl-root"
      >
        <label
          class="MuiFormLabel-root MuiInputLabel-root MuiInputLabel-formControl MuiInputLabel-animated MuiInputLabel-shrink MuiInputLabel-outlined MuiFormLabel-colorPrimary MuiFormLabel-filled MuiInputLabel-root MuiInputLabel-formControl MuiInputLabel-animated MuiInputLabel-shrink MuiInputLabel-outlined css-113d811-MuiFormLabel-root-MuiInputLabel-root"
          data-shrink="true"
          for=":r2:"
        >
          editMetadata.source
        </label>
        <div
          class="MuiInputBase-root MuiOutlinedInput-root MuiInputBase-colorPrimary MuiInputBase-formControl sc-Qotzb kszEQ css-quhxjy-MuiInputBase-root-MuiOutlinedInput-root"
        >
          <input
            aria-invalid="false"
            class="MuiInputBase-input MuiOutlinedInput-input css-16wblaj-MuiInputBase-input-MuiOutlinedInput-input"
            id=":r2:"
            type="text"
            value="lahde"
          />
          <fieldset
            aria-hidden="true"
            class="MuiOutlinedInput-notchedOutline css-1ll44ll-MuiOutlinedInput-notchedOutline"
          >
            <legend
              class="css-w1u3ce"
            >
              <span>
                editMetadata.source
              </span>
            </legend>
          </fieldset>
        </div>
        <div
          aria-live="polite"
        />
      </div>
    </div>
  </div>
</DocumentFragment>
`;
