// Jest Snapshot v1, https://goo.gl/fbAQLP

exports[`Rendering test renders correctly 1`] = `
<DocumentFragment>
  <div
    class="MuiGrid-root MuiGrid-container MuiGrid-direction-xs-row MuiGrid-spacing-xs-3 css-1u8xl8z-MuiGrid-root"
  >
    <div
      class="MuiGrid-root MuiGrid-direction-xs-row MuiGrid-grid-xs-12 MuiGrid-grid-xl-12 css-1w2294g-MuiGrid-root"
    >
      <div
        class="MuiPaper-root MuiPaper-outlined MuiPaper-rounded css-i9zgug-MuiPaper-root"
      >
        <div
          class="MuiStack-root sc-fYsHOw kmnEEI css-1sazv7p-MuiStack-root"
        >
          <div
            class="MuiFormControl-root css-1iw3t7y-MuiFormControl-root"
          >
            <label
              class="MuiFormLabel-root MuiInputLabel-root MuiInputLabel-formControl MuiInputLabel-animated MuiInputLabel-shrink MuiInputLabel-outlined MuiFormLabel-colorPrimary MuiFormLabel-filled MuiInputLabel-root MuiInputLabel-formControl MuiInputLabel-animated MuiInputLabel-shrink MuiInputLabel-outlined css-113d811-MuiFormLabel-root-MuiInputLabel-root"
              data-shrink="true"
              for=":r0:"
            >
              <b>
                editMetadata.valueName: fgfgfg*
              </b>
            </label>
            <div
              class="MuiInputBase-root MuiOutlinedInput-root MuiInputBase-colorPrimary MuiInputBase-formControl MuiInputBase-adornedEnd sc-Qotzb eOEgqK css-jupps9-MuiInputBase-root-MuiOutlinedInput-root"
            >
              <input
                aria-invalid="false"
                class="MuiInputBase-input MuiOutlinedInput-input MuiInputBase-inputAdornedEnd css-1dune0f-MuiInputBase-input-MuiOutlinedInput-input"
                id=":r0:"
                type="text"
                value="bar"
              />
              <div
                class="MuiInputAdornment-root MuiInputAdornment-positionEnd MuiInputAdornment-outlined MuiInputAdornment-sizeMedium css-elo8k2-MuiInputAdornment-root"
              >
                <span
                  aria-label="editMetadata.discardChanges"
                  class=""
                  data-mui-internal-clone-element="true"
                >
                  <button
                    aria-label="editMetadata.discardChanges"
                    class="MuiButtonBase-root MuiIconButton-root MuiIconButton-edgeEnd MuiIconButton-sizeMedium css-1ysp02-MuiButtonBase-root-MuiIconButton-root"
                    tabindex="0"
                    type="button"
                  >
                    <svg
                      aria-hidden="true"
                      class="MuiSvgIcon-root MuiSvgIcon-fontSizeMedium css-1umw9bq-MuiSvgIcon-root"
                      data-testid="UndoIcon"
                      focusable="false"
                      viewBox="0 0 24 24"
                    >
                      <path
                        d="M12.5 8c-2.65 0-5.05.99-6.9 2.6L2 7v9h9l-3.62-3.62c1.39-1.16 3.16-1.88 5.12-1.88 3.54 0 6.55 2.31 7.6 5.5l2.37-.78C21.08 11.03 17.15 8 12.5 8"
                      />
                    </svg>
                  </button>
                </span>
              </div>
              <fieldset
                aria-hidden="true"
                class="MuiOutlinedInput-notchedOutline css-1ll44ll-MuiOutlinedInput-notchedOutline"
              >
                <legend
                  class="css-w1u3ce"
                >
                  <span>
                    editMetadata.valueName: fgfgfg
                  </span>
                </legend>
              </fieldset>
            </div>
            <div
              aria-live="polite"
            />
          </div>
          <div
            class="MuiFormControl-root css-1iw3t7y-MuiFormControl-root"
          >
            <label
              class="MuiFormLabel-root MuiInputLabel-root MuiInputLabel-formControl MuiInputLabel-animated MuiInputLabel-shrink MuiInputLabel-outlined MuiFormLabel-colorPrimary MuiFormLabel-filled MuiInputLabel-root MuiInputLabel-formControl MuiInputLabel-animated MuiInputLabel-shrink MuiInputLabel-outlined css-113d811-MuiFormLabel-root-MuiInputLabel-root"
              data-shrink="true"
              for=":r3:"
            >
              editMetadata.unit
            </label>
            <div
              class="MuiInputBase-root MuiOutlinedInput-root MuiInputBase-colorPrimary MuiInputBase-formControl sc-Qotzb kszEQ css-quhxjy-MuiInputBase-root-MuiOutlinedInput-root"
            >
              <input
                aria-invalid="false"
                class="MuiInputBase-input MuiOutlinedInput-input css-16wblaj-MuiInputBase-input-MuiOutlinedInput-input"
                id=":r3:"
                type="text"
                value="yksikko"
              />
              <fieldset
                aria-hidden="true"
                class="MuiOutlinedInput-notchedOutline css-1ll44ll-MuiOutlinedInput-notchedOutline"
              >
                <legend
                  class="css-w1u3ce"
                >
                  <span>
                    editMetadata.unit
                  </span>
                </legend>
              </fieldset>
            </div>
            <div
              aria-live="polite"
            />
          </div>
          <div
            class="MuiFormControl-root css-1iw3t7y-MuiFormControl-root"
          >
            <label
              class="MuiFormLabel-root MuiInputLabel-root MuiInputLabel-formControl MuiInputLabel-animated MuiInputLabel-shrink MuiInputLabel-outlined MuiFormLabel-colorPrimary MuiFormLabel-filled MuiInputLabel-root MuiInputLabel-formControl MuiInputLabel-animated MuiInputLabel-shrink MuiInputLabel-outlined css-113d811-MuiFormLabel-root-MuiInputLabel-root"
              data-shrink="true"
              for=":r4:"
            >
              editMetadata.source
            </label>
            <div
              class="MuiInputBase-root MuiOutlinedInput-root MuiInputBase-colorPrimary MuiInputBase-formControl sc-Qotzb kszEQ css-quhxjy-MuiInputBase-root-MuiOutlinedInput-root"
            >
              <input
                aria-invalid="false"
                class="MuiInputBase-input MuiOutlinedInput-input css-16wblaj-MuiInputBase-input-MuiOutlinedInput-input"
                id=":r4:"
                type="text"
                value="lahde"
              />
              <fieldset
                aria-hidden="true"
                class="MuiOutlinedInput-notchedOutline css-1ll44ll-MuiOutlinedInput-notchedOutline"
              >
                <legend
                  class="css-w1u3ce"
                >
                  <span>
                    editMetadata.source
                  </span>
                </legend>
              </fieldset>
            </div>
            <div
              aria-live="polite"
            />
          </div>
        </div>
      </div>
    </div>
  </div>
</DocumentFragment>
`;
