// Jest Snapshot v1, https://goo.gl/fbAQLP

exports[`Rendering test renders correctly 1`] = `
<DocumentFragment>
  <div
    class="sc-Qotzb hUwrYH MuiBox-root css-0"
  >
    <p
      class="MuiTypography-root MuiTypography-body1 css-rizt0-MuiTypography-root"
    >
      variableSelect.allFilter
    </p>
  </div>
</DocumentFragment>
`;
