// Jest Snapshot v1, https://goo.gl/fbAQLP

exports[`Rendering test renders correctly 1`] = `
<DocumentFragment>
  <div
    class="MuiAutocomplete-root MuiAutocomplete-hasClearIcon MuiAutocomplete-hasPopupIcon sc-Qotzb fSqBqg css-o5oj2-MuiAutocomplete-root"
  >
    <div
      class="MuiFormControl-root MuiFormControl-fullWidth MuiTextField-root css-cmpglg-MuiFormControl-root-MuiTextField-root"
    >
      <label
        class="MuiFormLabel-root MuiInputLabel-root MuiInputLabel-formControl MuiInputLabel-animated MuiInputLabel-shrink MuiInputLabel-outlined MuiFormLabel-colorPrimary MuiInputLabel-root MuiInputLabel-formControl MuiInputLabel-animated MuiInputLabel-shrink MuiInputLabel-outlined css-113d811-MuiFormLabel-root-MuiInputLabel-root"
        data-shrink="true"
        for=":r0:"
        id=":r0:-label"
      >
        variableSelect.itemFilter
      </label>
      <div
        class="MuiInputBase-root MuiOutlinedInput-root MuiInputBase-colorPrimary MuiInputBase-fullWidth MuiInputBase-formControl MuiInputBase-adornedStart MuiInputBase-adornedEnd MuiAutocomplete-inputRoot css-1e3qgpi-MuiInputBase-root-MuiOutlinedInput-root"
      >
        <div
          class="MuiButtonBase-root MuiChip-root MuiChip-filled MuiChip-sizeMedium MuiChip-colorDefault MuiChip-deletable MuiChip-deletableColorDefault MuiChip-filledDefault MuiAutocomplete-tag MuiAutocomplete-tagSizeMedium css-16yb58i-MuiButtonBase-root-MuiChip-root"
          data-tag-index="0"
          role="button"
          tabindex="-1"
        >
          <span
            class="MuiChip-label MuiChip-labelMedium css-1dybbl5-MuiChip-label"
          >
            2018
          </span>
          <svg
            aria-hidden="true"
            class="MuiSvgIcon-root MuiSvgIcon-fontSizeMedium MuiChip-deleteIcon MuiChip-deleteIconMedium MuiChip-deleteIconColorDefault MuiChip-deleteIconFilledColorDefault css-1umw9bq-MuiSvgIcon-root"
            data-testid="CancelIcon"
            focusable="false"
            viewBox="0 0 24 24"
          >
            <path
              d="M12 2C6.47 2 2 6.47 2 12s4.47 10 10 10 10-4.47 10-10S17.53 2 12 2zm5 13.59L15.59 17 12 13.41 8.41 17 7 15.59 10.59 12 7 8.41 8.41 7 12 10.59 15.59 7 17 8.41 13.41 12 17 15.59z"
            />
          </svg>
        </div>
        <div
          class="MuiButtonBase-root MuiChip-root MuiChip-filled MuiChip-sizeMedium MuiChip-colorDefault MuiChip-deletable MuiChip-deletableColorDefault MuiChip-filledDefault MuiAutocomplete-tag MuiAutocomplete-tagSizeMedium css-16yb58i-MuiButtonBase-root-MuiChip-root"
          data-tag-index="1"
          role="button"
          tabindex="-1"
        >
          <span
            class="MuiChip-label MuiChip-labelMedium css-1dybbl5-MuiChip-label"
          >
            2019
          </span>
          <svg
            aria-hidden="true"
            class="MuiSvgIcon-root MuiSvgIcon-fontSizeMedium MuiChip-deleteIcon MuiChip-deleteIconMedium MuiChip-deleteIconColorDefault MuiChip-deleteIconFilledColorDefault css-1umw9bq-MuiSvgIcon-root"
            data-testid="CancelIcon"
            focusable="false"
            viewBox="0 0 24 24"
          >
            <path
              d="M12 2C6.47 2 2 6.47 2 12s4.47 10 10 10 10-4.47 10-10S17.53 2 12 2zm5 13.59L15.59 17 12 13.41 8.41 17 7 15.59 10.59 12 7 8.41 8.41 7 12 10.59 15.59 7 17 8.41 13.41 12 17 15.59z"
            />
          </svg>
        </div>
        <input
          aria-autocomplete="list"
          aria-expanded="false"
          aria-invalid="false"
          autocapitalize="none"
          autocomplete="off"
          class="MuiInputBase-input MuiOutlinedInput-input MuiInputBase-inputAdornedStart MuiInputBase-inputAdornedEnd MuiAutocomplete-input MuiAutocomplete-inputFocused css-qve9l1-MuiInputBase-input-MuiOutlinedInput-input"
          id=":r0:"
          role="combobox"
          spellcheck="false"
          type="text"
          value=""
        />
        <div
          class="MuiAutocomplete-endAdornment css-1uhhrmm-MuiAutocomplete-endAdornment"
        >
          <button
            aria-label="selectable.clear"
            class="MuiButtonBase-root MuiIconButton-root MuiIconButton-sizeMedium MuiAutocomplete-clearIndicator css-1x7n7v0-MuiButtonBase-root-MuiIconButton-root-MuiAutocomplete-clearIndicator"
            tabindex="-1"
            title="selectable.clear"
            type="button"
          >
            <svg
              aria-hidden="true"
              class="MuiSvgIcon-root MuiSvgIcon-fontSizeSmall css-120dh41-MuiSvgIcon-root"
              data-testid="CloseIcon"
              focusable="false"
              viewBox="0 0 24 24"
            >
              <path
                d="M19 6.41L17.59 5 12 10.59 6.41 5 5 6.41 10.59 12 5 17.59 6.41 19 12 13.41 17.59 19 19 17.59 13.41 12z"
              />
            </svg>
          </button>
          <button
            aria-label="selectable.open"
            class="MuiButtonBase-root MuiIconButton-root MuiIconButton-sizeMedium MuiAutocomplete-popupIndicator css-2y136s-MuiButtonBase-root-MuiIconButton-root-MuiAutocomplete-popupIndicator"
            tabindex="-1"
            title="selectable.open"
            type="button"
          >
            <svg
              aria-hidden="true"
              class="MuiSvgIcon-root MuiSvgIcon-fontSizeMedium css-1umw9bq-MuiSvgIcon-root"
              data-testid="ArrowDropDownIcon"
              focusable="false"
              viewBox="0 0 24 24"
            >
              <path
                d="M7 10l5 5 5-5z"
              />
            </svg>
          </button>
        </div>
        <fieldset
          aria-hidden="true"
          class="MuiOutlinedInput-notchedOutline css-1ll44ll-MuiOutlinedInput-notchedOutline"
        >
          <legend
            class="css-w1u3ce"
          >
            <span>
              variableSelect.itemFilter
            </span>
          </legend>
        </fieldset>
      </div>
    </div>
  </div>
</DocumentFragment>
`;
