// Jest Snapshot v1, https://goo.gl/fbAQLP

exports[`Rendering test renders correctly 1`] = `
<DocumentFragment>
  <li
    class="MuiListItem-root MuiListItem-gutters MuiListItem-padding sc-gjZUHa iMmsjC css-cfd5wn-MuiListItem-root"
    id="foo-bar-baz"
  >
    <a
      class="MuiButtonBase-root MuiListItemButton-root MuiListItemButton-gutters MuiListItemButton-root MuiListItemButton-gutters css-1j5cvue-MuiButtonBase-root-MuiListItemButton-root"
      href="/editor/foo/bar/baz/"
      tabindex="0"
    >
      <div
        class="MuiListItemIcon-root css-sx7q2d-MuiListItemIcon-root"
      >
        <svg
          aria-hidden="true"
          class="MuiSvgIcon-root MuiSvgIcon-fontSizeMedium css-1umw9bq-MuiSvgIcon-root"
          data-testid="InsertDriveFileOutlinedIcon"
          focusable="false"
          viewBox="0 0 24 24"
        >
          <path
            d="M14 2H6c-1.1 0-1.99.9-1.99 2L4 20c0 1.1.89 2 1.99 2H18c1.1 0 2-.9 2-2V8zM6 20V4h7v5h5v11z"
          />
        </svg>
      </div>
      <div
        class="MuiListItemText-root MuiListItemText-multiline css-14ln1j6-MuiListItemText-root"
      >
        <span
          class="MuiTypography-root MuiTypography-body1 MuiListItemText-primary css-rizt0-MuiTypography-root"
        >
          seppo (FI, SV)
        </span>
        <p
          class="MuiTypography-root MuiTypography-body2 MuiListItemText-secondary css-1a1whku-MuiTypography-root"
        >
          tableSelect.updated: 13.10.2021 klo 14.53.06
        </p>
      </div>
    </a>
  </li>
  <hr
    class="MuiDivider-root MuiDivider-fullWidth css-1jpc804-MuiDivider-root"
  />
</DocumentFragment>
`;
