// Jest Snapshot v1, https://goo.gl/fbAQLP

exports[`Rendering test renders correctly 1`] = `
<DocumentFragment>
  <div
    class="MuiFormControl-root css-1nrlq1o-MuiFormControl-root"
  >
    <label
      class="MuiFormLabel-root MuiInputLabel-root MuiInputLabel-formControl MuiInputLabel-animated MuiInputLabel-shrink MuiInputLabel-sizeMedium MuiInputLabel-outlined MuiFormLabel-colorPrimary MuiFormLabel-filled MuiInputLabel-root MuiInputLabel-formControl MuiInputLabel-animated MuiInputLabel-shrink MuiInputLabel-sizeMedium MuiInputLabel-outlined css-1jy569b-MuiFormLabel-root-MuiInputLabel-root"
      data-shrink="true"
      id="foobar1-selection-label"
    >
      foo1
    </label>
    <div
      class="MuiInputBase-root MuiOutlinedInput-root MuiInputBase-colorPrimary MuiInputBase-formControl css-1yk1gt9-MuiInputBase-root-MuiOutlinedInput-root-MuiSelect-root"
    >
      <div
        aria-controls=":r0:"
        aria-expanded="false"
        aria-haspopup="listbox"
        aria-labelledby="foobar1-selection-label foobar1-variable-select"
        class="MuiSelect-select MuiSelect-outlined MuiSelect-multiple MuiInputBase-input MuiOutlinedInput-input css-11u53oe-MuiSelect-select-MuiInputBase-input-MuiOutlinedInput-input"
        id="foobar1-variable-select"
        role="combobox"
        tabindex="0"
      >
        <span
          class="notranslate"
        >
          â€‹
        </span>
      </div>
      <input
        aria-hidden="true"
        aria-invalid="false"
        class="MuiSelect-nativeInput css-yf8vq0-MuiSelect-nativeInput"
        tabindex="-1"
        value="asd1,asd2"
      />
      <svg
        aria-hidden="true"
        class="MuiSvgIcon-root MuiSvgIcon-fontSizeMedium MuiSelect-icon MuiSelect-iconOutlined css-hfutr2-MuiSvgIcon-root-MuiSelect-icon"
        data-testid="ArrowDropDownIcon"
        focusable="false"
        viewBox="0 0 24 24"
      >
        <path
          d="M7 10l5 5 5-5z"
        />
      </svg>
      <fieldset
        aria-hidden="true"
        class="MuiOutlinedInput-notchedOutline css-1d3z3hw-MuiOutlinedInput-notchedOutline"
      >
        <legend
          class="css-14lo706"
        >
          <span>
            foo1
          </span>
        </legend>
      </fieldset>
    </div>
  </div>
</DocumentFragment>
`;
